Archive member included to satisfy reference by file (symbol)

D:/DOWNLOADS/STM32_PACKAGES/CUBE_CLT/STM32CubeCLT_1.18.0/GNU-tools-for-STM32/bin/../lib/gcc/arm-none-eabi/13.3.1/../../../../arm-none-eabi/lib/thumb/v7e-m+fp/hard\libc_nano.a(libc_a-exit.o)
                              D:/DOWNLOADS/STM32_PACKAGES/CUBE_CLT/STM32CubeCLT_1.18.0/GNU-tools-for-STM32/bin/../lib/gcc/arm-none-eabi/13.3.1/../../../../arm-none-eabi/lib/thumb/v7e-m+fp/hard/crt0.o (exit)
D:/DOWNLOADS/STM32_PACKAGES/CUBE_CLT/STM32CubeCLT_1.18.0/GNU-tools-for-STM32/bin/../lib/gcc/arm-none-eabi/13.3.1/../../../../arm-none-eabi/lib/thumb/v7e-m+fp/hard\libc_nano.a(libc_a-findfp.o)
                              D:/DOWNLOADS/STM32_PACKAGES/CUBE_CLT/STM32CubeCLT_1.18.0/GNU-tools-for-STM32/bin/../lib/gcc/arm-none-eabi/13.3.1/../../../../arm-none-eabi/lib/thumb/v7e-m+fp/hard\libc_nano.a(libc_a-exit.o) (__stdio_exit_handler)
D:/DOWNLOADS/STM32_PACKAGES/CUBE_CLT/STM32CubeCLT_1.18.0/GNU-tools-for-STM32/bin/../lib/gcc/arm-none-eabi/13.3.1/../../../../arm-none-eabi/lib/thumb/v7e-m+fp/hard\libc_nano.a(libc_a-fwalk.o)
                              D:/DOWNLOADS/STM32_PACKAGES/CUBE_CLT/STM32CubeCLT_1.18.0/GNU-tools-for-STM32/bin/../lib/gcc/arm-none-eabi/13.3.1/../../../../arm-none-eabi/lib/thumb/v7e-m+fp/hard\libc_nano.a(libc_a-findfp.o) (_fwalk_sglue)
D:/DOWNLOADS/STM32_PACKAGES/CUBE_CLT/STM32CubeCLT_1.18.0/GNU-tools-for-STM32/bin/../lib/gcc/arm-none-eabi/13.3.1/../../../../arm-none-eabi/lib/thumb/v7e-m+fp/hard\libc_nano.a(libc_a-stdio.o)
                              D:/DOWNLOADS/STM32_PACKAGES/CUBE_CLT/STM32CubeCLT_1.18.0/GNU-tools-for-STM32/bin/../lib/gcc/arm-none-eabi/13.3.1/../../../../arm-none-eabi/lib/thumb/v7e-m+fp/hard\libc_nano.a(libc_a-findfp.o) (__sread)
D:/DOWNLOADS/STM32_PACKAGES/CUBE_CLT/STM32CubeCLT_1.18.0/GNU-tools-for-STM32/bin/../lib/gcc/arm-none-eabi/13.3.1/../../../../arm-none-eabi/lib/thumb/v7e-m+fp/hard\libc_nano.a(libc_a-memset.o)
                              D:/DOWNLOADS/STM32_PACKAGES/CUBE_CLT/STM32CubeCLT_1.18.0/GNU-tools-for-STM32/bin/../lib/gcc/arm-none-eabi/13.3.1/../../../../arm-none-eabi/lib/thumb/v7e-m+fp/hard/crt0.o (memset)
D:/DOWNLOADS/STM32_PACKAGES/CUBE_CLT/STM32CubeCLT_1.18.0/GNU-tools-for-STM32/bin/../lib/gcc/arm-none-eabi/13.3.1/../../../../arm-none-eabi/lib/thumb/v7e-m+fp/hard\libc_nano.a(libc_a-closer.o)
                              D:/DOWNLOADS/STM32_PACKAGES/CUBE_CLT/STM32CubeCLT_1.18.0/GNU-tools-for-STM32/bin/../lib/gcc/arm-none-eabi/13.3.1/../../../../arm-none-eabi/lib/thumb/v7e-m+fp/hard\libc_nano.a(libc_a-stdio.o) (_close_r)
D:/DOWNLOADS/STM32_PACKAGES/CUBE_CLT/STM32CubeCLT_1.18.0/GNU-tools-for-STM32/bin/../lib/gcc/arm-none-eabi/13.3.1/../../../../arm-none-eabi/lib/thumb/v7e-m+fp/hard\libc_nano.a(libc_a-reent.o)
                              D:/DOWNLOADS/STM32_PACKAGES/CUBE_CLT/STM32CubeCLT_1.18.0/GNU-tools-for-STM32/bin/../lib/gcc/arm-none-eabi/13.3.1/../../../../arm-none-eabi/lib/thumb/v7e-m+fp/hard\libc_nano.a(libc_a-closer.o) (errno)
D:/DOWNLOADS/STM32_PACKAGES/CUBE_CLT/STM32CubeCLT_1.18.0/GNU-tools-for-STM32/bin/../lib/gcc/arm-none-eabi/13.3.1/../../../../arm-none-eabi/lib/thumb/v7e-m+fp/hard\libc_nano.a(libc_a-impure.o)
                              D:/DOWNLOADS/STM32_PACKAGES/CUBE_CLT/STM32CubeCLT_1.18.0/GNU-tools-for-STM32/bin/../lib/gcc/arm-none-eabi/13.3.1/../../../../arm-none-eabi/lib/thumb/v7e-m+fp/hard\libc_nano.a(libc_a-reent.o) (_impure_ptr)
D:/DOWNLOADS/STM32_PACKAGES/CUBE_CLT/STM32CubeCLT_1.18.0/GNU-tools-for-STM32/bin/../lib/gcc/arm-none-eabi/13.3.1/../../../../arm-none-eabi/lib/thumb/v7e-m+fp/hard\libc_nano.a(libc_a-lseekr.o)
                              D:/DOWNLOADS/STM32_PACKAGES/CUBE_CLT/STM32CubeCLT_1.18.0/GNU-tools-for-STM32/bin/../lib/gcc/arm-none-eabi/13.3.1/../../../../arm-none-eabi/lib/thumb/v7e-m+fp/hard\libc_nano.a(libc_a-stdio.o) (_lseek_r)
D:/DOWNLOADS/STM32_PACKAGES/CUBE_CLT/STM32CubeCLT_1.18.0/GNU-tools-for-STM32/bin/../lib/gcc/arm-none-eabi/13.3.1/../../../../arm-none-eabi/lib/thumb/v7e-m+fp/hard\libc_nano.a(libc_a-readr.o)
                              D:/DOWNLOADS/STM32_PACKAGES/CUBE_CLT/STM32CubeCLT_1.18.0/GNU-tools-for-STM32/bin/../lib/gcc/arm-none-eabi/13.3.1/../../../../arm-none-eabi/lib/thumb/v7e-m+fp/hard\libc_nano.a(libc_a-stdio.o) (_read_r)
D:/DOWNLOADS/STM32_PACKAGES/CUBE_CLT/STM32CubeCLT_1.18.0/GNU-tools-for-STM32/bin/../lib/gcc/arm-none-eabi/13.3.1/../../../../arm-none-eabi/lib/thumb/v7e-m+fp/hard\libc_nano.a(libc_a-writer.o)
                              D:/DOWNLOADS/STM32_PACKAGES/CUBE_CLT/STM32CubeCLT_1.18.0/GNU-tools-for-STM32/bin/../lib/gcc/arm-none-eabi/13.3.1/../../../../arm-none-eabi/lib/thumb/v7e-m+fp/hard\libc_nano.a(libc_a-stdio.o) (_write_r)
D:/DOWNLOADS/STM32_PACKAGES/CUBE_CLT/STM32CubeCLT_1.18.0/GNU-tools-for-STM32/bin/../lib/gcc/arm-none-eabi/13.3.1/../../../../arm-none-eabi/lib/thumb/v7e-m+fp/hard\libc_nano.a(libc_a-init.o)
[...]
Memory Configuration

Name             Origin             Length             Attributes
RAM              0x20000000         0x00018000         xrw
FLASH            0x08008000         0x00080000         xr
*default*        0x00000000         0xffffffff

Linker script and memory map

LOAD D:/DOWNLOADS/STM32_PACKAGES/CUBE_CLT/STM32CubeCLT_1.18.0/GNU-tools-for-STM32/bin/../lib/gcc/arm-none-eabi/13.3.1/thumb/v7e-m+fp/hard/crti.o
LOAD D:/DOWNLOADS/STM32_PACKAGES/CUBE_CLT/STM32CubeCLT_1.18.0/GNU-tools-for-STM32/bin/../lib/gcc/arm-none-eabi/13.3.1/thumb/v7e-m+fp/hard/crtbegin.o
LOAD D:/DOWNLOADS/STM32_PACKAGES/CUBE_CLT/STM32CubeCLT_1.18.0/GNU-tools-for-STM32/bin/../lib/gcc/arm-none-eabi/13.3.1/../../../../arm-none-eabi/lib/thumb/v7e-m+fp/hard/crt0.o
START GROUP
LOAD D:/DOWNLOADS/STM32_PACKAGES/CUBE_CLT/STM32CubeCLT_1.18.0/GNU-tools-for-STM32/bin/../lib/gcc/arm-none-eabi/13.3.1/../../../../arm-none-eabi/lib/thumb/v7e-m+fp/hard\libc_nano.a
LOAD D:/DOWNLOADS/STM32_PACKAGES/CUBE_CLT/STM32CubeCLT_1.18.0/GNU-tools-for-STM32/bin/../lib/gcc/arm-none-eabi/13.3.1/../../../../arm-none-eabi/lib/thumb/v7e-m+fp/hard\libm.a
END GROUP
LOAD cmake/stm32cubemx/CMakeFiles/STM32_Drivers.dir/__/__/Core/Src/system_stm32f4xx.c.obj
LOAD cmake/stm32cubemx/CMakeFiles/STM32_Drivers.dir/__/__/Drivers/STM32F4xx_HAL_Driver/Src/stm32f4xx_hal_uart.c.obj
LOAD cmake/stm32cubemx/CMakeFiles/STM32_Drivers.dir/__/__/Drivers/STM32F4xx_HAL_Driver/Src/stm32f4xx_hal_rcc.c.obj
LOAD cmake/stm32cubemx/CMakeFiles/STM32_Drivers.dir/__/__/Drivers/STM32F4xx_HAL_Driver/Src/stm32f4xx_hal_rcc_ex.c.obj
LOAD cmake/stm32cubemx/CMakeFiles/STM32_Drivers.dir/__/__/Drivers/STM32F4xx_HAL_Driver/Src/stm32f4xx_hal_flash.c.obj
LOAD cmake/stm32cubemx/CMakeFiles/STM32_Drivers.dir/__/__/Drivers/STM32F4xx_HAL_Driver/Src/stm32f4xx_hal_flash_ex.c.obj
LOAD cmake/stm32cubemx/CMakeFiles/STM32_Drivers.dir/__/__/Drivers/STM32F4xx_HAL_Driver/Src/stm32f4xx_hal_flash_ramfunc.c.obj
LOAD cmake/stm32cubemx/CMakeFiles/STM32_Drivers.dir/__/__/Drivers/STM32F4xx_HAL_Driver/Src/stm32f4xx_hal_gpio.c.obj
LOAD cmake/stm32cubemx/CMakeFiles/STM32_Drivers.dir/__/__/Drivers/STM32F4xx_HAL_Driver/Src/stm32f4xx_hal_dma_ex.c.obj
LOAD cmake/stm32cubemx/CMakeFiles/STM32_Drivers.dir/__/__/Drivers/STM32F4xx_HAL_Driver/Src/stm32f4xx_hal_dma.c.obj
LOAD cmake/stm32cubemx/CMakeFiles/STM32_Drivers.dir/__/__/Drivers/STM32F4xx_HAL_Driver/Src/stm32f4xx_hal_pwr.c.obj
LOAD cmake/stm32cubemx/CMakeFiles/STM32_Drivers.dir/__/__/Drivers/STM32F4xx_HAL_Driver/Src/stm32f4xx_hal_pwr_ex.c.obj
LOAD cmake/stm32cubemx/CMakeFiles/STM32_Drivers.dir/__/__/Drivers/STM32F4xx_HAL_Driver/Src/stm32f4xx_hal_cortex.c.obj
LOAD cmake/stm32cubemx/CMakeFiles/STM32_Drivers.dir/__/__/Drivers/STM32F4xx_HAL_Driver/Src/stm32f4xx_hal.c.obj
LOAD cmake/stm32cubemx/CMakeFiles/STM32_Drivers.dir/__/__/Drivers/STM32F4xx_HAL_Driver/Src/stm32f4xx_hal_exti.c.obj
LOAD CMakeFiles/User_app.dir/Core/Src/main.c.obj
LOAD CMakeFiles/User_app.dir/Core/Src/stm32f4xx_it.c.obj
LOAD CMakeFiles/User_app.dir/Core/Src/stm32f4xx_hal_msp.c.obj
LOAD CMakeFiles/User_app.dir/Core/Src/sysmem.c.obj
LOAD CMakeFiles/User_app.dir/Core/Src/syscalls.c.obj
LOAD CMakeFiles/User_app.dir/startup_stm32f401xe.s.obj
START GROUP
LOAD D:/DOWNLOADS/STM32_PACKAGES/CUBE_CLT/STM32CubeCLT_1.18.0/GNU-tools-for-STM32/bin/../lib/gcc/arm-none-eabi/13.3.1/thumb/v7e-m+fp/hard\libgcc.a
LOAD D:/DOWNLOADS/STM32_PACKAGES/CUBE_CLT/STM32CubeCLT_1.18.0/GNU-tools-for-STM32/bin/../lib/gcc/arm-none-eabi/13.3.1/../../../../arm-none-eabi/lib/thumb/v7e-m+fp/hard\libg_nano.a
LOAD D:/DOWNLOADS/STM32_PACKAGES/CUBE_CLT/STM32CubeCLT_1.18.0/GNU-tools-for-STM32/bin/../lib/gcc/arm-none-eabi/13.3.1/../../../../arm-none-eabi/lib/thumb/v7e-m+fp/hard\libc_nano.a
END GROUP
START GROUP
LOAD D:/DOWNLOADS/STM32_PACKAGES/CUBE_CLT/STM32CubeCLT_1.18.0/GNU-tools-for-STM32/bin/../lib/gcc/arm-none-eabi/13.3.1/thumb/v7e-m+fp/hard\libgcc.a
LOAD D:/DOWNLOADS/STM32_PACKAGES/CUBE_CLT/STM32CubeCLT_1.18.0/GNU-tools-for-STM32/bin/../lib/gcc/arm-none-eabi/13.3.1/../../../../arm-none-eabi/lib/thumb/v7e-m+fp/hard\libc_nano.a
END GROUP
LOAD D:/DOWNLOADS/STM32_PACKAGES/CUBE_CLT/STM32CubeCLT_1.18.0/GNU-tools-for-STM32/bin/../lib/gcc/arm-none-eabi/13.3.1/thumb/v7e-m+fp/hard/crtend.o
LOAD D:/DOWNLOADS/STM32_PACKAGES/CUBE_CLT/STM32CubeCLT_1.18.0/GNU-tools-for-STM32/bin/../lib/gcc/arm-none-eabi/13.3.1/thumb/v7e-m+fp/hard/crtn.o
                0x20018000                        _estack = (ORIGIN (RAM) + LENGTH (RAM))
                0x00000200                        _Min_Heap_Size = 0x200
                0x00000400                        _Min_Stack_Size = 0x400

.isr_vector     0x08008000      0x194
                0x08008000                        . = ALIGN (0x4)
 *(.isr_vector)
 .isr_vector    0x08008000      0x194 CMakeFiles/User_app.dir/startup_stm32f401xe.s.obj
                0x08008000                g_pfnVectors
                0x08008194                        . = ALIGN (0x4)

.text           0x08008194     0x1fd8
                0x08008194                        . = ALIGN (0x4)
 *(.text)
 .text          0x08008194       0x40 D:/DOWNLOADS/STM32_PACKAGES/CUBE_CLT/STM32CubeCLT_1.18.0/GNU-tools-for-STM32/bin/../lib/gcc/arm-none-eabi/13.3.1/thumb/v7e-m+fp/hard/crtbegin.o
 .text          0x080081d4       0x30 D:/DOWNLOADS/STM32_PACKAGES/CUBE_CLT/STM32CubeCLT_1.18.0/GNU-tools-for-STM32/bin/../lib/gcc/arm-none-eabi/13.3.1/thumb/v7e-m+fp/hard\libgcc.a(_aeabi_uldivmod.o)
                0x080081d4                __aeabi_uldivmod
 .text          0x08008204      0x2f8 D:/DOWNLOADS/STM32_PACKAGES/CUBE_CLT/STM32CubeCLT_1.18.0/GNU-tools-for-STM32/bin/../lib/gcc/arm-none-eabi/13.3.1/thumb/v7e-m+fp/hard\libgcc.a(_udivmoddi4.o)
                0x08008204                __udivmoddi4
 .text          0x080084fc        0x4 D:/DOWNLOADS/STM32_PACKAGES/CUBE_CLT/STM32CubeCLT_1.18.0/GNU-tools-for-STM32/bin/../lib/gcc/arm-none-eabi/13.3.1/thumb/v7e-m+fp/hard\libgcc.a(_dvmd_tls.o)
                0x080084fc                __aeabi_idiv0
                0x080084fc                __aeabi_ldiv0
 .text          0x08008500       0x10 D:/DOWNLOADS/STM32_PACKAGES/CUBE_CLT/STM32CubeCLT_1.18.0/GNU-tools-for-STM32/bin/../lib/gcc/arm-none-eabi/13.3.1/../../../../arm-none-eabi/lib/thumb/v7e-m+fp/hard\libg_nano.a(libc_a-strlen.o)
                0x08008500                strlen
 *(.text*)
 .text.memset   0x08008510       0x10 D:/DOWNLOADS/STM32_PACKAGES/CUBE_CLT/STM32CubeCLT_1.18.0/GNU-tools-for-STM32/bin/../lib/gcc/arm-none-eabi/13.3.1/../../../../arm-none-eabi/lib/thumb/v7e-m+fp/hard\libc_nano.a(libc_a-memset.o)
                0x08008510                memset
 .text.__libc_init_array
                0x08008520       0x48 D:/DOWNLOADS/STM32_PACKAGES/CUBE_CLT/STM32CubeCLT_1.18.0/GNU-tools-for-STM32/bin/../lib/gcc/arm-none-eabi/13.3.1/../../../../arm-none-eabi/lib/thumb/v7e-m+fp/hard\libc_nano.a(libc_a-init.o)
                0x08008520                __libc_init_array
 .text.SystemInit
                0x08008568       0x2c cmake/stm32cubemx/CMakeFiles/STM32_Drivers.dir/__/__/Core/Src/system_stm32f4xx.c.obj
                0x08008568                SystemInit
 .text.HAL_UART_Init
                0x08008594       0xa0 cmake/stm32cubemx/CMakeFiles/STM32_Drivers.dir/__/__/Drivers/STM32F4xx_HAL_Driver/Src/stm32f4xx_hal_uart.c.obj
                0x08008594                HAL_UART_Init
 .text.HAL_UART_Transmit
                0x08008634      0x116 cmake/stm32cubemx/CMakeFiles/STM32_Drivers.dir/__/__/Drivers/STM32F4xx_HAL_Driver/Src/stm32f4xx_hal_uart.c.obj
                0x08008634                HAL_UART_Transmit
 .text.UART_WaitOnFlagUntilTimeout
                0x0800874a       0xb2 cmake/stm32cubemx/CMakeFiles/STM32_Drivers.dir/__/__/Drivers/STM32F4xx_HAL_Driver/Src/stm32f4xx_hal_uart.c.obj
 .text.UART_EndRxTransfer
                0x080087fc       0xc6 cmake/stm32cubemx/CMakeFiles/STM32_Drivers.dir/__/__/Drivers/STM32F4xx_HAL_Driver/Src/stm32f4xx_hal_uart.c.obj
 *fill*         0x080088c2        0x2 
 .text.UART_SetConfig
                0x080088c4      0x4e8 cmake/stm32cubemx/CMakeFiles/STM32_Drivers.dir/__/__/Drivers/STM32F4xx_HAL_Driver/Src/stm32f4xx_hal_uart.c.obj
 .text.HAL_RCC_OscConfig
                0x08008dac      0x4f0 cmake/stm32cubemx/CMakeFiles/STM32_Drivers.dir/__/__/Drivers/STM32F4xx_HAL_Driver/Src/stm32f4xx_hal_rcc.c.obj
                0x08008dac                HAL_RCC_OscConfig
 .text.HAL_RCC_ClockConfig
                0x0800929c      0x1cc cmake/stm32cubemx/CMakeFiles/STM32_Drivers.dir/__/__/Drivers/STM32F4xx_HAL_Driver/Src/stm32f4xx_hal_rcc.c.obj
                0x0800929c                HAL_RCC_ClockConfig
 .text.HAL_RCC_GetSysClockFreq
                0x08009468      0x18c cmake/stm32cubemx/CMakeFiles/STM32_Drivers.dir/__/__/Drivers/STM32F4xx_HAL_Driver/Src/stm32f4xx_hal_rcc.c.obj
                0x08009468                HAL_RCC_GetSysClockFreq
 .text.HAL_RCC_GetHCLKFreq
                0x080095f4       0x18 cmake/stm32cubemx/CMakeFiles/STM32_Drivers.dir/__/__/Drivers/STM32F4xx_HAL_Driver/Src/stm32f4xx_hal_rcc.c.obj
                0x080095f4                HAL_RCC_GetHCLKFreq
 .text.HAL_RCC_GetPCLK1Freq
                0x0800960c       0x28 cmake/stm32cubemx/CMakeFiles/STM32_Drivers.dir/__/__/Drivers/STM32F4xx_HAL_Driver/Src/stm32f4xx_hal_rcc.c.obj
                0x0800960c                HAL_RCC_GetPCLK1Freq
 .text.HAL_RCC_GetPCLK2Freq
                0x08009634       0x28 cmake/stm32cubemx/CMakeFiles/STM32_Drivers.dir/__/__/Drivers/STM32F4xx_HAL_Driver/Src/stm32f4xx_hal_rcc.c.obj
                0x08009634                HAL_RCC_GetPCLK2Freq
 .text.HAL_GPIO_Init
                0x0800965c      0x308 cmake/stm32cubemx/CMakeFiles/STM32_Drivers.dir/__/__/Drivers/STM32F4xx_HAL_Driver/Src/stm32f4xx_hal_gpio.c.obj
                0x0800965c                HAL_GPIO_Init
 .text.HAL_GPIO_WritePin
                0x08009964       0x32 cmake/stm32cubemx/CMakeFiles/STM32_Drivers.dir/__/__/Drivers/STM32F4xx_HAL_Driver/Src/stm32f4xx_hal_gpio.c.obj
                0x08009964                HAL_GPIO_WritePin
 .text.HAL_GPIO_TogglePin
                0x08009996       0x34 cmake/stm32cubemx/CMakeFiles/STM32_Drivers.dir/__/__/Drivers/STM32F4xx_HAL_Driver/Src/stm32f4xx_hal_gpio.c.obj
                0x08009996                HAL_GPIO_TogglePin
 *fill*         0x080099ca        0x2 
 .text.HAL_GPIO_EXTI_IRQHandler
                0x080099cc       0x30 cmake/stm32cubemx/CMakeFiles/STM32_Drivers.dir/__/__/Drivers/STM32F4xx_HAL_Driver/Src/stm32f4xx_hal_gpio.c.obj
                0x080099cc                HAL_GPIO_EXTI_IRQHandler
 .text.HAL_GPIO_EXTI_Callback
                0x080099fc       0x16 cmake/stm32cubemx/CMakeFiles/STM32_Drivers.dir/__/__/Drivers/STM32F4xx_HAL_Driver/Src/stm32f4xx_hal_gpio.c.obj
                0x080099fc                HAL_GPIO_EXTI_Callback
 *fill*         0x08009a12        0x2 
 .text.__NVIC_SetPriorityGrouping
                0x08009a14       0x48 cmake/stm32cubemx/CMakeFiles/STM32_Drivers.dir/__/__/Drivers/STM32F4xx_HAL_Driver/Src/stm32f4xx_hal_cortex.c.obj
 .text.__NVIC_GetPriorityGrouping
                0x08009a5c       0x1c cmake/stm32cubemx/CMakeFiles/STM32_Drivers.dir/__/__/Drivers/STM32F4xx_HAL_Driver/Src/stm32f4xx_hal_cortex.c.obj
 .text.__NVIC_EnableIRQ
                0x08009a78       0x3c cmake/stm32cubemx/CMakeFiles/STM32_Drivers.dir/__/__/Drivers/STM32F4xx_HAL_Driver/Src/stm32f4xx_hal_cortex.c.obj
 .text.__NVIC_SetPriority
                0x08009ab4       0x54 cmake/stm32cubemx/CMakeFiles/STM32_Drivers.dir/__/__/Drivers/STM32F4xx_HAL_Driver/Src/stm32f4xx_hal_cortex.c.obj
 .text.NVIC_EncodePriority
                0x08009b08       0x66 cmake/stm32cubemx/CMakeFiles/STM32_Drivers.dir/__/__/Drivers/STM32F4xx_HAL_Driver/Src/stm32f4xx_hal_cortex.c.obj
 *fill*         0x08009b6e        0x2 
 .text.SysTick_Config
                0x08009b70       0x44 cmake/stm32cubemx/CMakeFiles/STM32_Drivers.dir/__/__/Drivers/STM32F4xx_HAL_Driver/Src/stm32f4xx_hal_cortex.c.obj
 .text.HAL_NVIC_SetPriorityGrouping
                0x08009bb4       0x16 cmake/stm32cubemx/CMakeFiles/STM32_Drivers.dir/__/__/Drivers/STM32F4xx_HAL_Driver/Src/stm32f4xx_hal_cortex.c.obj
                0x08009bb4                HAL_NVIC_SetPriorityGrouping
 .text.HAL_NVIC_SetPriority
                0x08009bca       0x38 cmake/stm32cubemx/CMakeFiles/STM32_Drivers.dir/__/__/Drivers/STM32F4xx_HAL_Driver/Src/stm32f4xx_hal_cortex.c.obj
                0x08009bca                HAL_NVIC_SetPriority
 .text.HAL_NVIC_EnableIRQ
                0x08009c02       0x1c cmake/stm32cubemx/CMakeFiles/STM32_Drivers.dir/__/__/Drivers/STM32F4xx_HAL_Driver/Src/stm32f4xx_hal_cortex.c.obj
                0x08009c02                HAL_NVIC_EnableIRQ
 .text.HAL_SYSTICK_Config
                0x08009c1e       0x18 cmake/stm32cubemx/CMakeFiles/STM32_Drivers.dir/__/__/Drivers/STM32F4xx_HAL_Driver/Src/stm32f4xx_hal_cortex.c.obj
                0x08009c1e                HAL_SYSTICK_Config
 *fill*         0x08009c36        0x2 
 .text.HAL_Init
                0x08009c38       0x44 cmake/stm32cubemx/CMakeFiles/STM32_Drivers.dir/__/__/Drivers/STM32F4xx_HAL_Driver/Src/stm32f4xx_hal.c.obj
                0x08009c38                HAL_Init
 .text.HAL_InitTick
                0x08009c7c       0x60 cmake/stm32cubemx/CMakeFiles/STM32_Drivers.dir/__/__/Drivers/STM32F4xx_HAL_Driver/Src/stm32f4xx_hal.c.obj
                0x08009c7c                HAL_InitTick
 .text.HAL_IncTick
                0x08009cdc       0x28 cmake/stm32cubemx/CMakeFiles/STM32_Drivers.dir/__/__/Drivers/STM32F4xx_HAL_Driver/Src/stm32f4xx_hal.c.obj
                0x08009cdc                HAL_IncTick
 .text.HAL_GetTick
                0x08009d04       0x18 cmake/stm32cubemx/CMakeFiles/STM32_Drivers.dir/__/__/Drivers/STM32F4xx_HAL_Driver/Src/stm32f4xx_hal.c.obj
                0x08009d04                HAL_GetTick
 .text.HAL_Delay
                0x08009d1c       0x48 cmake/stm32cubemx/CMakeFiles/STM32_Drivers.dir/__/__/Drivers/STM32F4xx_HAL_Driver/Src/stm32f4xx_hal.c.obj
                0x08009d1c                HAL_Delay
 .text.main     0x08009d64       0x44 CMakeFiles/User_app.dir/Core/Src/main.c.obj
                0x08009d64                main
 .text.SystemClock_Config
                0x08009da8       0xc0 CMakeFiles/User_app.dir/Core/Src/main.c.obj
                0x08009da8                SystemClock_Config
 .text.MX_USART2_UART_Init
                0x08009e68       0x54 CMakeFiles/User_app.dir/Core/Src/main.c.obj
 .text.MX_GPIO_Init
                0x08009ebc       0xb4 CMakeFiles/User_app.dir/Core/Src/main.c.obj
 .text.Error_Handler
                0x08009f70        0xc CMakeFiles/User_app.dir/Core/Src/main.c.obj
                0x08009f70                Error_Handler
 .text.NMI_Handler
                0x08009f7c        0x8 CMakeFiles/User_app.dir/Core/Src/stm32f4xx_it.c.obj
                0x08009f7c                NMI_Handler
 .text.HardFault_Handler
                0x08009f84        0x8 CMakeFiles/User_app.dir/Core/Src/stm32f4xx_it.c.obj
                0x08009f84                HardFault_Handler
 .text.MemManage_Handler
                0x08009f8c        0x8 CMakeFiles/User_app.dir/Core/Src/stm32f4xx_it.c.obj
                0x08009f8c                MemManage_Handler
 .text.BusFault_Handler
                0x08009f94        0x8 CMakeFiles/User_app.dir/Core/Src/stm32f4xx_it.c.obj
                0x08009f94                BusFault_Handler
 .text.UsageFault_Handler
                0x08009f9c        0x8 CMakeFiles/User_app.dir/Core/Src/stm32f4xx_it.c.obj
                0x08009f9c                UsageFault_Handler
 .text.SVC_Handler
                0x08009fa4        0xe CMakeFiles/User_app.dir/Core/Src/stm32f4xx_it.c.obj
                0x08009fa4                SVC_Handler
 .text.DebugMon_Handler
                0x08009fb2        0xe CMakeFiles/User_app.dir/Core/Src/stm32f4xx_it.c.obj
                0x08009fb2                DebugMon_Handler
 .text.PendSV_Handler
                0x08009fc0        0xe CMakeFiles/User_app.dir/Core/Src/stm32f4xx_it.c.obj
                0x08009fc0                PendSV_Handler
 .text.SysTick_Handler
                0x08009fce        0xc CMakeFiles/User_app.dir/Core/Src/stm32f4xx_it.c.obj
                0x08009fce                SysTick_Handler
 *fill*         0x08009fda        0x2 
 .text.EXTI15_10_IRQHandler
                0x08009fdc       0x44 CMakeFiles/User_app.dir/Core/Src/stm32f4xx_it.c.obj
                0x08009fdc                EXTI15_10_IRQHandler
 .text.HAL_MspInit
                0x0800a020       0x50 CMakeFiles/User_app.dir/Core/Src/stm32f4xx_hal_msp.c.obj
                0x0800a020                HAL_MspInit
 .text.HAL_UART_MspInit
                0x0800a070       0x90 CMakeFiles/User_app.dir/Core/Src/stm32f4xx_hal_msp.c.obj
                0x0800a070                HAL_UART_MspInit
 .text.Reset_Handler
                0x0800a100       0x50 CMakeFiles/User_app.dir/startup_stm32f401xe.s.obj
                0x0800a100                Reset_Handler
 .text.Default_Handler
                0x0800a150        0x2 CMakeFiles/User_app.dir/startup_stm32f401xe.s.obj
                0x0800a150                RTC_Alarm_IRQHandler
                0x0800a150                EXTI2_IRQHandler
                0x0800a150                SPI4_IRQHandler
                0x0800a150                TIM1_CC_IRQHandler
                0x0800a150                DMA2_Stream5_IRQHandler
                0x0800a150                DMA1_Stream5_IRQHandler
                0x0800a150                PVD_IRQHandler
                0x0800a150                SDIO_IRQHandler
                0x0800a150                TAMP_STAMP_IRQHandler
                0x0800a150                EXTI3_IRQHandler
                0x0800a150                TIM1_UP_TIM10_IRQHandler
                0x0800a150                I2C3_ER_IRQHandler
                0x0800a150                EXTI0_IRQHandler
                0x0800a150                I2C2_EV_IRQHandler
                0x0800a150                DMA1_Stream2_IRQHandler
                0x0800a150                FPU_IRQHandler
                0x0800a150                DMA2_Stream2_IRQHandler
                0x0800a150                SPI1_IRQHandler
                0x0800a150                TIM1_BRK_TIM9_IRQHandler
                0x0800a150                DMA2_Stream3_IRQHandler
                0x0800a150                USART6_IRQHandler
                0x0800a150                DMA2_Stream0_IRQHandler
                0x0800a150                TIM4_IRQHandler
                0x0800a150                I2C1_EV_IRQHandler
                0x0800a150                DMA1_Stream6_IRQHandler
                0x0800a150                DMA1_Stream1_IRQHandler
                0x0800a150                TIM3_IRQHandler
                0x0800a150                RCC_IRQHandler
                0x0800a150                Default_Handler
                0x0800a150                ADC_IRQHandler
                0x0800a150                DMA1_Stream7_IRQHandler
                0x0800a150                TIM5_IRQHandler
                0x0800a150                DMA2_Stream7_IRQHandler
                0x0800a150                I2C3_EV_IRQHandler
                0x0800a150                EXTI9_5_IRQHandler
                0x0800a150                RTC_WKUP_IRQHandler
                0x0800a150                SPI2_IRQHandler
                0x0800a150                DMA1_Stream0_IRQHandler
                0x0800a150                EXTI4_IRQHandler
                0x0800a150                WWDG_IRQHandler
                0x0800a150                TIM2_IRQHandler
                0x0800a150                OTG_FS_WKUP_IRQHandler
                0x0800a150                TIM1_TRG_COM_TIM11_IRQHandler
                0x0800a150                EXTI1_IRQHandler
                0x0800a150                USART2_IRQHandler
                0x0800a150                I2C2_ER_IRQHandler
                0x0800a150                DMA2_Stream1_IRQHandler
                0x0800a150                FLASH_IRQHandler
                0x0800a150                DMA2_Stream4_IRQHandler
                0x0800a150                USART1_IRQHandler
                0x0800a150                OTG_FS_IRQHandler
                0x0800a150                SPI3_IRQHandler
                0x0800a150                DMA1_Stream4_IRQHandler
                0x0800a150                I2C1_ER_IRQHandler
                0x0800a150                DMA2_Stream6_IRQHandler
                0x0800a150                DMA1_Stream3_IRQHandler
 *(.glue_7)
 .glue_7        0x0800a152        0x0 linker stubs
 *(.glue_7t)
 .glue_7t       0x0800a152        0x0 linker stubs
 *(.eh_frame)
 *fill*         0x0800a152        0x2 
 .eh_frame      0x0800a154        0x0 D:/DOWNLOADS/STM32_PACKAGES/CUBE_CLT/STM32CubeCLT_1.18.0/GNU-tools-for-STM32/bin/../lib/gcc/arm-none-eabi/13.3.1/thumb/v7e-m+fp/hard/crtbegin.o
 *(.init)
 .init          0x0800a154        0x4 D:/DOWNLOADS/STM32_PACKAGES/CUBE_CLT/STM32CubeCLT_1.18.0/GNU-tools-for-STM32/bin/../lib/gcc/arm-none-eabi/13.3.1/thumb/v7e-m+fp/hard/crti.o
                0x0800a154                _init
 .init          0x0800a158        0x8 D:/DOWNLOADS/STM32_PACKAGES/CUBE_CLT/STM32CubeCLT_1.18.0/GNU-tools-for-STM32/bin/../lib/gcc/arm-none-eabi/13.3.1/thumb/v7e-m+fp/hard/crtn.o
 *(.fini)
 .fini          0x0800a160        0x4 D:/DOWNLOADS/STM32_PACKAGES/CUBE_CLT/STM32CubeCLT_1.18.0/GNU-tools-for-STM32/bin/../lib/gcc/arm-none-eabi/13.3.1/thumb/v7e-m+fp/hard/crti.o
                0x0800a160                _fini
 .fini          0x0800a164        0x8 D:/DOWNLOADS/STM32_PACKAGES/CUBE_CLT/STM32CubeCLT_1.18.0/GNU-tools-for-STM32/bin/../lib/gcc/arm-none-eabi/13.3.1/thumb/v7e-m+fp/hard/crtn.o
                0x0800a16c                        . = ALIGN (0x4)
                0x0800a16c                        _etext = .

.vfp11_veneer   0x0800a16c        0x0
 .vfp11_veneer  0x0800a16c        0x0 linker stubs

.v4_bx          0x0800a16c        0x0
 .v4_bx         0x0800a16c        0x0 linker stubs

.iplt           0x0800a16c        0x0
 .iplt          0x0800a16c        0x0 D:/DOWNLOADS/STM32_PACKAGES/CUBE_CLT/STM32CubeCLT_1.18.0/GNU-tools-for-STM32/bin/../lib/gcc/arm-none-eabi/13.3.1/thumb/v7e-m+fp/hard/crtbegin.o

.rodata         0x0800a16c       0x48
                0x0800a16c                        . = ALIGN (0x4)
 *(.rodata)
 .rodata        0x0800a16c       0x15 CMakeFiles/User_app.dir/Core/Src/main.c.obj
 *fill*         0x0800a181        0x3 
 .rodata        0x0800a184       0x17 CMakeFiles/User_app.dir/Core/Src/stm32f4xx_it.c.obj
 *(.rodata*)
 *fill*         0x0800a19b        0x1 
 .rodata.AHBPrescTable
                0x0800a19c       0x10 cmake/stm32cubemx/CMakeFiles/STM32_Drivers.dir/__/__/Core/Src/system_stm32f4xx.c.obj
                0x0800a19c                AHBPrescTable
 .rodata.APBPrescTable
                0x0800a1ac        0x8 cmake/stm32cubemx/CMakeFiles/STM32_Drivers.dir/__/__/Core/Src/system_stm32f4xx.c.obj
                0x0800a1ac                APBPrescTable
                0x0800a1b4                        . = ALIGN (0x4)

.ARM.extab      0x0800a1b4        0x0
                0x0800a1b4                        . = ALIGN (0x4)
 *(.ARM.extab* .gnu.linkonce.armextab.*)
                0x0800a1b4                        . = ALIGN (0x4)

.ARM            0x0800a1b4        0x8
                0x0800a1b4                        . = ALIGN (0x4)
                0x0800a1b4                        __exidx_start = .
 *(.ARM.exidx*)
 .ARM.exidx     0x0800a1b4        0x8 D:/DOWNLOADS/STM32_PACKAGES/CUBE_CLT/STM32CubeCLT_1.18.0/GNU-tools-for-STM32/bin/../lib/gcc/arm-none-eabi/13.3.1/thumb/v7e-m+fp/hard\libgcc.a(_udivmoddi4.o)
 .ARM.exidx     0x0800a1bc        0x0 D:/DOWNLOADS/STM32_PACKAGES/CUBE_CLT/STM32CubeCLT_1.18.0/GNU-tools-for-STM32/bin/../lib/gcc/arm-none-eabi/13.3.1/../../../../arm-none-eabi/lib/thumb/v7e-m+fp/hard\libg_nano.a(libc_a-strlen.o)
                                  0x8 (size before relaxing)
                0x0800a1bc                        __exidx_end = .
                0x0800a1bc                        . = ALIGN (0x4)

.preinit_array  0x0800a1bc        0x0
                0x0800a1bc                        . = ALIGN (0x4)
                0x0800a1bc                        PROVIDE (__preinit_array_start = .)
 *(.preinit_array*)
                0x0800a1bc                        PROVIDE (__preinit_array_end = .)
                0x0800a1bc                        . = ALIGN (0x4)

.init_array     0x0800a1bc        0x4
                0x0800a1bc                        . = ALIGN (0x4)
                0x0800a1bc                        PROVIDE (__init_array_start = .)
 *(SORT_BY_NAME(.init_array.*))
 *(.init_array*)
 .init_array    0x0800a1bc        0x4 D:/DOWNLOADS/STM32_PACKAGES/CUBE_CLT/STM32CubeCLT_1.18.0/GNU-tools-for-STM32/bin/../lib/gcc/arm-none-eabi/13.3.1/thumb/v7e-m+fp/hard/crtbegin.o
                0x0800a1c0                        PROVIDE (__init_array_end = .)
                0x0800a1c0                        . = ALIGN (0x4)

.fini_array     0x0800a1c0        0x4
                0x0800a1c0                        . = ALIGN (0x4)
                [!provide]                        PROVIDE (__fini_array_start = .)
 *(SORT_BY_NAME(.fini_array.*))
 *(.fini_array*)
 .fini_array    0x0800a1c0        0x4 D:/DOWNLOADS/STM32_PACKAGES/CUBE_CLT/STM32CubeCLT_1.18.0/GNU-tools-for-STM32/bin/../lib/gcc/arm-none-eabi/13.3.1/thumb/v7e-m+fp/hard/crtbegin.o
                [!provide]                        PROVIDE (__fini_array_end = .)
                0x0800a1c4                        . = ALIGN (0x4)
                0x0800a1c4                        _sidata = LOADADDR (.data)

.rel.dyn        0x0800a1c4        0x0
 .rel.iplt      0x0800a1c4        0x0 D:/DOWNLOADS/STM32_PACKAGES/CUBE_CLT/STM32CubeCLT_1.18.0/GNU-tools-for-STM32/bin/../lib/gcc/arm-none-eabi/13.3.1/thumb/v7e-m+fp/hard/crtbegin.o

.data           0x20000000        0xc load address 0x0800a1c4
                0x20000000                        . = ALIGN (0x4)
                0x20000000                        _sdata = .
 *(.data)
 *(.data*)
 .data.SystemCoreClock
                0x20000000        0x4 cmake/stm32cubemx/CMakeFiles/STM32_Drivers.dir/__/__/Core/Src/system_stm32f4xx.c.obj
                0x20000000                SystemCoreClock
 .data.uwTickPrio
                0x20000004        0x4 cmake/stm32cubemx/CMakeFiles/STM32_Drivers.dir/__/__/Drivers/STM32F4xx_HAL_Driver/Src/stm32f4xx_hal.c.obj
                0x20000004                uwTickPrio
 .data.uwTickFreq
                0x20000008        0x1 cmake/stm32cubemx/CMakeFiles/STM32_Drivers.dir/__/__/Drivers/STM32F4xx_HAL_Driver/Src/stm32f4xx_hal.c.obj
                0x20000008                uwTickFreq
 *(.RamFunc)
 *(.RamFunc*)
                0x2000000c                        . = ALIGN (0x4)
 *fill*         0x20000009        0x3 
                0x2000000c                        _edata = .

.igot.plt       0x2000000c        0x0 load address 0x0800a1d0
 .igot.plt      0x2000000c        0x0 D:/DOWNLOADS/STM32_PACKAGES/CUBE_CLT/STM32CubeCLT_1.18.0/GNU-tools-for-STM32/bin/../lib/gcc/arm-none-eabi/13.3.1/thumb/v7e-m+fp/hard/crtbegin.o
                0x2000000c                        . = ALIGN (0x4)

.bss            0x2000000c       0x68 load address 0x0800a1d0
                0x2000000c                        _sbss = .
                0x2000000c                        __bss_start__ = _sbss
 *(.bss)
 .bss           0x2000000c       0x1c D:/DOWNLOADS/STM32_PACKAGES/CUBE_CLT/STM32CubeCLT_1.18.0/GNU-tools-for-STM32/bin/../lib/gcc/arm-none-eabi/13.3.1/thumb/v7e-m+fp/hard/crtbegin.o
 *(.bss*)
 .bss.uwTick    0x20000028        0x4 cmake/stm32cubemx/CMakeFiles/STM32_Drivers.dir/__/__/Drivers/STM32F4xx_HAL_Driver/Src/stm32f4xx_hal.c.obj
                0x20000028                uwTick
 .bss.huart2    0x2000002c       0x48 CMakeFiles/User_app.dir/Core/Src/main.c.obj
                0x2000002c                huart2
 *(COMMON)
                0x20000074                        . = ALIGN (0x4)
                0x20000074                        _ebss = .
                0x20000074                        __bss_end__ = _ebss

._user_heap_stack
                0x20000074      0x604 load address 0x0800a1d0
                0x20000078                        . = ALIGN (0x8)
 *fill*         0x20000074        0x4 
                [!provide]                        PROVIDE (end = .)
                0x20000078                        PROVIDE (_end = .)
                0x20000278                        . = (. + _Min_Heap_Size)
 *fill*         0x20000078      0x200 
                0x20000678                        . = (. + _Min_Stack_Size)
 *fill*         0x20000278      0x400 
                0x20000678                        . = ALIGN (0x8)

/DISCARD/
 libc.a(*)
 libm.a(*)
 libgcc.a(*)
OUTPUT(User_app.elf elf32-littlearm)
LOAD linker stubs
LOAD D:/DOWNLOADS/STM32_PACKAGES/CUBE_CLT/STM32CubeCLT_1.18.0/GNU-tools-for-STM32/bin/../lib/gcc/arm-none-eabi/13.3.1/../../../../arm-none-eabi/lib/thumb/v7e-m+fp/hard\libc.a
LOAD D:/DOWNLOADS/STM32_PACKAGES/CUBE_CLT/STM32CubeCLT_1.18.0/GNU-tools-for-STM32/bin/../lib/gcc/arm-none-eabi/13.3.1/../../../../arm-none-eabi/lib/thumb/v7e-m+fp/hard\libm.a
LOAD D:/DOWNLOADS/STM32_PACKAGES/CUBE_CLT/STM32CubeCLT_1.18.0/GNU-tools-for-STM32/bin/../lib/gcc/arm-none-eabi/13.3.1/thumb/v7e-m+fp/hard\libgcc.a

.ARM.attributes
                0x00000000       0x30
 .ARM.attributes
                0x00000000       0x22 D:/DOWNLOADS/STM32_PACKAGES/CUBE_CLT/STM32CubeCLT_1.18.0/GNU-tools-for-STM32/bin/../lib/gcc/arm-none-eabi/13.3.1/thumb/v7e-m+fp/hard/crti.o
 .ARM.attributes
                0x00000022       0x34 D:/DOWNLOADS/STM32_PACKAGES/CUBE_CLT/STM32CubeCLT_1.18.0/GNU-tools-for-STM32/bin/../lib/gcc/arm-none-eabi/13.3.1/thumb/v7e-m+fp/hard/crtbegin.o
 .ARM.attributes
                0x00000056       0x34 D:/DOWNLOADS/STM32_PACKAGES/CUBE_CLT/STM32CubeCLT_1.18.0/GNU-tools-for-STM32/bin/../lib/gcc/arm-none-eabi/13.3.1/../../../../arm-none-eabi/lib/thumb/v7e-m+fp/hard\libc_nano.a(libc_a-memset.o)
 .ARM.attributes
                0x0000008a       0x34 D:/DOWNLOADS/STM32_PACKAGES/CUBE_CLT/STM32CubeCLT_1.18.0/GNU-tools-for-STM32/bin/../lib/gcc/arm-none-eabi/13.3.1/../../../../arm-none-eabi/lib/thumb/v7e-m+fp/hard\libc_nano.a(libc_a-init.o)
 .ARM.attributes
                0x000000be       0x34 cmake/stm32cubemx/CMakeFiles/STM32_Drivers.dir/__/__/Core/Src/system_stm32f4xx.c.obj
 .ARM.attributes
                0x000000f2       0x34 cmake/stm32cubemx/CMakeFiles/STM32_Drivers.dir/__/__/Drivers/STM32F4xx_HAL_Driver/Src/stm32f4xx_hal_uart.c.obj
 .ARM.attributes
                0x00000126       0x34 cmake/stm32cubemx/CMakeFiles/STM32_Drivers.dir/__/__/Drivers/STM32F4xx_HAL_Driver/Src/stm32f4xx_hal_rcc.c.obj
 .ARM.attributes
                0x0000015a       0x34 cmake/stm32cubemx/CMakeFiles/STM32_Drivers.dir/__/__/Drivers/STM32F4xx_HAL_Driver/Src/stm32f4xx_hal_gpio.c.obj
 .ARM.attributes
                0x0000018e       0x34 cmake/stm32cubemx/CMakeFiles/STM32_Drivers.dir/__/__/Drivers/STM32F4xx_HAL_Driver/Src/stm32f4xx_hal_cortex.c.obj
 .ARM.attributes
                0x000001c2       0x34 cmake/stm32cubemx/CMakeFiles/STM32_Drivers.dir/__/__/Drivers/STM32F4xx_HAL_Driver/Src/stm32f4xx_hal.c.obj
 .ARM.attributes
                0x000001f6       0x34 CMakeFiles/User_app.dir/Core/Src/main.c.obj
 .ARM.attributes
                0x0000022a       0x34 CMakeFiles/User_app.dir/Core/Src/stm32f4xx_it.c.obj
 .ARM.attributes
                0x0000025e       0x34 CMakeFiles/User_app.dir/Core/Src/stm32f4xx_hal_msp.c.obj
 .ARM.attributes
                0x00000292       0x21 CMakeFiles/User_app.dir/startup_stm32f401xe.s.obj
 .ARM.attributes
                0x000002b3       0x22 D:/DOWNLOADS/STM32_PACKAGES/CUBE_CLT/STM32CubeCLT_1.18.0/GNU-tools-for-STM32/bin/../lib/gcc/arm-none-eabi/13.3.1/thumb/v7e-m+fp/hard\libgcc.a(_aeabi_uldivmod.o)
 .ARM.attributes
                0x000002d5       0x34 D:/DOWNLOADS/STM32_PACKAGES/CUBE_CLT/STM32CubeCLT_1.18.0/GNU-tools-for-STM32/bin/../lib/gcc/arm-none-eabi/13.3.1/thumb/v7e-m+fp/hard\libgcc.a(_udivmoddi4.o)
 .ARM.attributes
                0x00000309       0x22 D:/DOWNLOADS/STM32_PACKAGES/CUBE_CLT/STM32CubeCLT_1.18.0/GNU-tools-for-STM32/bin/../lib/gcc/arm-none-eabi/13.3.1/thumb/v7e-m+fp/hard\libgcc.a(_dvmd_tls.o)
 .ARM.attributes
                0x0000032b       0x17 D:/DOWNLOADS/STM32_PACKAGES/CUBE_CLT/STM32CubeCLT_1.18.0/GNU-tools-for-STM32/bin/../lib/gcc/arm-none-eabi/13.3.1/../../../../arm-none-eabi/lib/thumb/v7e-m+fp/hard\libg_nano.a(libc_a-strlen.o)
 .ARM.attributes
                0x00000342       0x22 D:/DOWNLOADS/STM32_PACKAGES/CUBE_CLT/STM32CubeCLT_1.18.0/GNU-tools-for-STM32/bin/../lib/gcc/arm-none-eabi/13.3.1/thumb/v7e-m+fp/hard/crtn.o

.comment        0x00000000       0x43
 .comment       0x00000000       0x43 cmake/stm32cubemx/CMakeFiles/STM32_Drivers.dir/__/__/Core/Src/system_stm32f4xx.c.obj
                                 0x44 (size before relaxing)
 .comment       0x00000043       0x44 cmake/stm32cubemx/CMakeFiles/STM32_Drivers.dir/__/__/Drivers/STM32F4xx_HAL_Driver/Src/stm32f4xx_hal_uart.c.obj
 .comment       0x00000043       0x44 cmake/stm32cubemx/CMakeFiles/STM32_Drivers.dir/__/__/Drivers/STM32F4xx_HAL_Driver/Src/stm32f4xx_hal_rcc.c.obj
 .comment       0x00000043       0x44 cmake/stm32cubemx/CMakeFiles/STM32_Drivers.dir/__/__/Drivers/STM32F4xx_HAL_Driver/Src/stm32f4xx_hal_gpio.c.obj
 .comment       0x00000043       0x44 cmake/stm32cubemx/CMakeFiles/STM32_Drivers.dir/__/__/Drivers/STM32F4xx_HAL_Driver/Src/stm32f4xx_hal_cortex.c.obj
 .comment       0x00000043       0x44 cmake/stm32cubemx/CMakeFiles/STM32_Drivers.dir/__/__/Drivers/STM32F4xx_HAL_Driver/Src/stm32f4xx_hal.c.obj
 .comment       0x00000043       0x44 CMakeFiles/User_app.dir/Core/Src/main.c.obj
 .comment       0x00000043       0x44 CMakeFiles/User_app.dir/Core/Src/stm32f4xx_it.c.obj
 .comment       0x00000043       0x44 CMakeFiles/User_app.dir/Core/Src/stm32f4xx_hal_msp.c.obj

.debug_frame    0x00000000     0x1868
 .debug_frame   0x00000000       0x20 D:/DOWNLOADS/STM32_PACKAGES/CUBE_CLT/STM32CubeCLT_1.18.0/GNU-tools-for-STM32/bin/../lib/gcc/arm-none-eabi/13.3.1/../../../../arm-none-eabi/lib/thumb/v7e-m+fp/hard\libc_nano.a(libc_a-memset.o)
 .debug_frame   0x00000020       0x2c D:/DOWNLOADS/STM32_PACKAGES/CUBE_CLT/STM32CubeCLT_1.18.0/GNU-tools-for-STM32/bin/../lib/gcc/arm-none-eabi/13.3.1/../../../../arm-none-eabi/lib/thumb/v7e-m+fp/hard\libc_nano.a(libc_a-init.o)
 .debug_frame   0x0000004c       0x58 cmake/stm32cubemx/CMakeFiles/STM32_Drivers.dir/__/__/Core/Src/system_stm32f4xx.c.obj
 .debug_frame   0x000000a4      0x954 cmake/stm32cubemx/CMakeFiles/STM32_Drivers.dir/__/__/Drivers/STM32F4xx_HAL_Driver/Src/stm32f4xx_hal_uart.c.obj
 .debug_frame   0x000009f8      0x1f4 cmake/stm32cubemx/CMakeFiles/STM32_Drivers.dir/__/__/Drivers/STM32F4xx_HAL_Driver/Src/stm32f4xx_hal_rcc.c.obj
 .debug_frame   0x00000bec      0x14c cmake/stm32cubemx/CMakeFiles/STM32_Drivers.dir/__/__/Drivers/STM32F4xx_HAL_Driver/Src/stm32f4xx_hal_gpio.c.obj
 .debug_frame   0x00000d38      0x508 cmake/stm32cubemx/CMakeFiles/STM32_Drivers.dir/__/__/Drivers/STM32F4xx_HAL_Driver/Src/stm32f4xx_hal_cortex.c.obj
 .debug_frame   0x00001240      0x374 cmake/stm32cubemx/CMakeFiles/STM32_Drivers.dir/__/__/Drivers/STM32F4xx_HAL_Driver/Src/stm32f4xx_hal.c.obj
 .debug_frame   0x000015b4       0xac CMakeFiles/User_app.dir/Core/Src/main.c.obj
 .debug_frame   0x00001660      0x128 CMakeFiles/User_app.dir/Core/Src/stm32f4xx_it.c.obj
 .debug_frame   0x00001788       0x80 CMakeFiles/User_app.dir/Core/Src/stm32f4xx_hal_msp.c.obj
 .debug_frame   0x00001808       0x2c D:/DOWNLOADS/STM32_PACKAGES/CUBE_CLT/STM32CubeCLT_1.18.0/GNU-tools-for-STM32/bin/../lib/gcc/arm-none-eabi/13.3.1/thumb/v7e-m+fp/hard\libgcc.a(_aeabi_uldivmod.o)
 .debug_frame   0x00001834       0x34 D:/DOWNLOADS/STM32_PACKAGES/CUBE_CLT/STM32CubeCLT_1.18.0/GNU-tools-for-STM32/bin/../lib/gcc/arm-none-eabi/13.3.1/thumb/v7e-m+fp/hard\libgcc.a(_udivmoddi4.o)

.debug_info     0x00000000     0x790c
 .debug_info    0x00000000      0x53e cmake/stm32cubemx/CMakeFiles/STM32_Drivers.dir/__/__/Core/Src/system_stm32f4xx.c.obj
 .debug_info    0x0000053e     0x2f56 cmake/stm32cubemx/CMakeFiles/STM32_Drivers.dir/__/__/Drivers/STM32F4xx_HAL_Driver/Src/stm32f4xx_hal_uart.c.obj
 .debug_info    0x00003494      0x905 cmake/stm32cubemx/CMakeFiles/STM32_Drivers.dir/__/__/Drivers/STM32F4xx_HAL_Driver/Src/stm32f4xx_hal_rcc.c.obj
 .debug_info    0x00003d99      0x6f9 cmake/stm32cubemx/CMakeFiles/STM32_Drivers.dir/__/__/Drivers/STM32F4xx_HAL_Driver/Src/stm32f4xx_hal_gpio.c.obj
 .debug_info    0x00004492      0xcf6 cmake/stm32cubemx/CMakeFiles/STM32_Drivers.dir/__/__/Drivers/STM32F4xx_HAL_Driver/Src/stm32f4xx_hal_cortex.c.obj
 .debug_info    0x00005188      0x8bb cmake/stm32cubemx/CMakeFiles/STM32_Drivers.dir/__/__/Drivers/STM32F4xx_HAL_Driver/Src/stm32f4xx_hal.c.obj
 .debug_info    0x00005a43      0xdd5 CMakeFiles/User_app.dir/Core/Src/main.c.obj
 .debug_info    0x00006818      0x779 CMakeFiles/User_app.dir/Core/Src/stm32f4xx_it.c.obj
 .debug_info    0x00006f91      0x91a CMakeFiles/User_app.dir/Core/Src/stm32f4xx_hal_msp.c.obj
 .debug_info    0x000078ab       0x30 CMakeFiles/User_app.dir/startup_stm32f401xe.s.obj
 .debug_info    0x000078db       0x31 D:/DOWNLOADS/STM32_PACKAGES/CUBE_CLT/STM32CubeCLT_1.18.0/GNU-tools-for-STM32/bin/../lib/gcc/arm-none-eabi/13.3.1/../../../../arm-none-eabi/lib/thumb/v7e-m+fp/hard\libg_nano.a(libc_a-strlen.o)

.debug_abbrev   0x00000000     0x1498
 .debug_abbrev  0x00000000      0x11a cmake/stm32cubemx/CMakeFiles/STM32_Drivers.dir/__/__/Core/Src/system_stm32f4xx.c.obj
 .debug_abbrev  0x0000011a      0x31b cmake/stm32cubemx/CMakeFiles/STM32_Drivers.dir/__/__/Drivers/STM32F4xx_HAL_Driver/Src/stm32f4xx_hal_uart.c.obj
 .debug_abbrev  0x00000435      0x2b6 cmake/stm32cubemx/CMakeFiles/STM32_Drivers.dir/__/__/Drivers/STM32F4xx_HAL_Driver/Src/stm32f4xx_hal_rcc.c.obj
 .debug_abbrev  0x000006eb      0x1d3 cmake/stm32cubemx/CMakeFiles/STM32_Drivers.dir/__/__/Drivers/STM32F4xx_HAL_Driver/Src/stm32f4xx_hal_gpio.c.obj
 .debug_abbrev  0x000008be      0x31d cmake/stm32cubemx/CMakeFiles/STM32_Drivers.dir/__/__/Drivers/STM32F4xx_HAL_Driver/Src/stm32f4xx_hal_cortex.c.obj
 .debug_abbrev  0x00000bdb      0x24b cmake/stm32cubemx/CMakeFiles/STM32_Drivers.dir/__/__/Drivers/STM32F4xx_HAL_Driver/Src/stm32f4xx_hal.c.obj
 .debug_abbrev  0x00000e26      0x28a CMakeFiles/User_app.dir/Core/Src/main.c.obj
 .debug_abbrev  0x000010b0      0x1f0 CMakeFiles/User_app.dir/Core/Src/stm32f4xx_it.c.obj
 .debug_abbrev  0x000012a0      0x1ac CMakeFiles/User_app.dir/Core/Src/stm32f4xx_hal_msp.c.obj
 .debug_abbrev  0x0000144c       0x24 CMakeFiles/User_app.dir/startup_stm32f401xe.s.obj
 .debug_abbrev  0x00001470       0x28 D:/DOWNLOADS/STM32_PACKAGES/CUBE_CLT/STM32CubeCLT_1.18.0/GNU-tools-for-STM32/bin/../lib/gcc/arm-none-eabi/13.3.1/../../../../arm-none-eabi/lib/thumb/v7e-m+fp/hard\libg_nano.a(libc_a-strlen.o)

.debug_aranges  0x00000000      0x650
 .debug_aranges
                0x00000000       0x28 cmake/stm32cubemx/CMakeFiles/STM32_Drivers.dir/__/__/Core/Src/system_stm32f4xx.c.obj
 .debug_aranges
                0x00000028      0x208 cmake/stm32cubemx/CMakeFiles/STM32_Drivers.dir/__/__/Drivers/STM32F4xx_HAL_Driver/Src/stm32f4xx_hal_uart.c.obj
 .debug_aranges
                0x00000230       0x88 cmake/stm32cubemx/CMakeFiles/STM32_Drivers.dir/__/__/Drivers/STM32F4xx_HAL_Driver/Src/stm32f4xx_hal_rcc.c.obj
 .debug_aranges
                0x000002b8       0x58 cmake/stm32cubemx/CMakeFiles/STM32_Drivers.dir/__/__/Drivers/STM32F4xx_HAL_Driver/Src/stm32f4xx_hal_gpio.c.obj
 .debug_aranges
                0x00000310      0x130 cmake/stm32cubemx/CMakeFiles/STM32_Drivers.dir/__/__/Drivers/STM32F4xx_HAL_Driver/Src/stm32f4xx_hal_cortex.c.obj
 .debug_aranges
                0x00000440       0xf0 cmake/stm32cubemx/CMakeFiles/STM32_Drivers.dir/__/__/Drivers/STM32F4xx_HAL_Driver/Src/stm32f4xx_hal.c.obj
 .debug_aranges
                0x00000530       0x40 CMakeFiles/User_app.dir/Core/Src/main.c.obj
 .debug_aranges
                0x00000570       0x68 CMakeFiles/User_app.dir/Core/Src/stm32f4xx_it.c.obj
 .debug_aranges
                0x000005d8       0x30 CMakeFiles/User_app.dir/Core/Src/stm32f4xx_hal_msp.c.obj
 .debug_aranges
                0x00000608       0x28 CMakeFiles/User_app.dir/startup_stm32f401xe.s.obj
 .debug_aranges
                0x00000630       0x20 D:/DOWNLOADS/STM32_PACKAGES/CUBE_CLT/STM32CubeCLT_1.18.0/GNU-tools-for-STM32/bin/../lib/gcc/arm-none-eabi/13.3.1/../../../../arm-none-eabi/lib/thumb/v7e-m+fp/hard\libg_nano.a(libc_a-strlen.o)

.debug_rnglists
                0x00000000      0x4b9
 .debug_rnglists
                0x00000000       0x1a cmake/stm32cubemx/CMakeFiles/STM32_Drivers.dir/__/__/Core/Src/system_stm32f4xx.c.obj
 .debug_rnglists
                0x0000001a      0x1bc cmake/stm32cubemx/CMakeFiles/STM32_Drivers.dir/__/__/Drivers/STM32F4xx_HAL_Driver/Src/stm32f4xx_hal_uart.c.obj
 .debug_rnglists
                0x000001d6       0x66 cmake/stm32cubemx/CMakeFiles/STM32_Drivers.dir/__/__/Drivers/STM32F4xx_HAL_Driver/Src/stm32f4xx_hal_rcc.c.obj
 .debug_rnglists
                0x0000023c       0x3f cmake/stm32cubemx/CMakeFiles/STM32_Drivers.dir/__/__/Drivers/STM32F4xx_HAL_Driver/Src/stm32f4xx_hal_gpio.c.obj
 .debug_rnglists
                0x0000027b       0xe0 cmake/stm32cubemx/CMakeFiles/STM32_Drivers.dir/__/__/Drivers/STM32F4xx_HAL_Driver/Src/stm32f4xx_hal_cortex.c.obj
 .debug_rnglists
                0x0000035b       0xaf cmake/stm32cubemx/CMakeFiles/STM32_Drivers.dir/__/__/Drivers/STM32F4xx_HAL_Driver/Src/stm32f4xx_hal.c.obj
 .debug_rnglists
                0x0000040a       0x2d CMakeFiles/User_app.dir/Core/Src/main.c.obj
 .debug_rnglists
                0x00000437       0x49 CMakeFiles/User_app.dir/Core/Src/stm32f4xx_it.c.obj
 .debug_rnglists
                0x00000480       0x20 CMakeFiles/User_app.dir/Core/Src/stm32f4xx_hal_msp.c.obj
 .debug_rnglists
                0x000004a0       0x19 CMakeFiles/User_app.dir/startup_stm32f401xe.s.obj

.debug_macro    0x00000000    0x1472a
 .debug_macro   0x00000000      0x1cc cmake/stm32cubemx/CMakeFiles/STM32_Drivers.dir/__/__/Core/Src/system_stm32f4xx.c.obj
 .debug_macro   0x000001cc      0xad8 cmake/stm32cubemx/CMakeFiles/STM32_Drivers.dir/__/__/Core/Src/system_stm32f4xx.c.obj
 .debug_macro   0x00000ca4       0x2e cmake/stm32cubemx/CMakeFiles/STM32_Drivers.dir/__/__/Core/Src/system_stm32f4xx.c.obj
 .debug_macro   0x00000cd2       0x28 cmake/stm32cubemx/CMakeFiles/STM32_Drivers.dir/__/__/Core/Src/system_stm32f4xx.c.obj
 .debug_macro   0x00000cfa       0x22 cmake/stm32cubemx/CMakeFiles/STM32_Drivers.dir/__/__/Core/Src/system_stm32f4xx.c.obj
 .debug_macro   0x00000d1c       0x8e cmake/stm32cubemx/CMakeFiles/STM32_Drivers.dir/__/__/Core/Src/system_stm32f4xx.c.obj
 .debug_macro   0x00000daa       0x51 cmake/stm32cubemx/CMakeFiles/STM32_Drivers.dir/__/__/Core/Src/system_stm32f4xx.c.obj
 .debug_macro   0x00000dfb      0x103 cmake/stm32cubemx/CMakeFiles/STM32_Drivers.dir/__/__/Core/Src/system_stm32f4xx.c.obj
 .debug_macro   0x00000efe       0x6a cmake/stm32cubemx/CMakeFiles/STM32_Drivers.dir/__/__/Core/Src/system_stm32f4xx.c.obj
 .debug_macro   0x00000f68      0x1df cmake/stm32cubemx/CMakeFiles/STM32_Drivers.dir/__/__/Core/Src/system_stm32f4xx.c.obj
 .debug_macro   0x00001147       0x1c cmake/stm32cubemx/CMakeFiles/STM32_Drivers.dir/__/__/Core/Src/system_stm32f4xx.c.obj
 .debug_macro   0x00001163       0x22 cmake/stm32cubemx/CMakeFiles/STM32_Drivers.dir/__/__/Core/Src/system_stm32f4xx.c.obj
 .debug_macro   0x00001185       0xfb cmake/stm32cubemx/CMakeFiles/STM32_Drivers.dir/__/__/Core/Src/system_stm32f4xx.c.obj
 .debug_macro   0x00001280     0x1011 cmake/stm32cubemx/CMakeFiles/STM32_Drivers.dir/__/__/Core/Src/system_stm32f4xx.c.obj
 .debug_macro   0x00002291      0x11f cmake/stm32cubemx/CMakeFiles/STM32_Drivers.dir/__/__/Core/Src/system_stm32f4xx.c.obj
 .debug_macro   0x000023b0     0xb881 cmake/stm32cubemx/CMakeFiles/STM32_Drivers.dir/__/__/Core/Src/system_stm32f4xx.c.obj
 .debug_macro   0x0000dc31       0x6d cmake/stm32cubemx/CMakeFiles/STM32_Drivers.dir/__/__/Core/Src/system_stm32f4xx.c.obj
 .debug_macro   0x0000dc9e      0x295 cmake/stm32cubemx/CMakeFiles/STM32_Drivers.dir/__/__/Core/Src/system_stm32f4xx.c.obj
 .debug_macro   0x0000df33     0x3693 cmake/stm32cubemx/CMakeFiles/STM32_Drivers.dir/__/__/Core/Src/system_stm32f4xx.c.obj
 .debug_macro   0x000115c6      0x190 cmake/stm32cubemx/CMakeFiles/STM32_Drivers.dir/__/__/Core/Src/system_stm32f4xx.c.obj
 .debug_macro   0x00011756       0x5c cmake/stm32cubemx/CMakeFiles/STM32_Drivers.dir/__/__/Core/Src/system_stm32f4xx.c.obj
 .debug_macro   0x000117b2      0x416 cmake/stm32cubemx/CMakeFiles/STM32_Drivers.dir/__/__/Core/Src/system_stm32f4xx.c.obj
 .debug_macro   0x00011bc8      0x9e9 cmake/stm32cubemx/CMakeFiles/STM32_Drivers.dir/__/__/Core/Src/system_stm32f4xx.c.obj
 .debug_macro   0x000125b1      0x115 cmake/stm32cubemx/CMakeFiles/STM32_Drivers.dir/__/__/Core/Src/system_stm32f4xx.c.obj
 .debug_macro   0x000126c6       0xf8 cmake/stm32cubemx/CMakeFiles/STM32_Drivers.dir/__/__/Core/Src/system_stm32f4xx.c.obj
 .debug_macro   0x000127be       0xa5 cmake/stm32cubemx/CMakeFiles/STM32_Drivers.dir/__/__/Core/Src/system_stm32f4xx.c.obj
 .debug_macro   0x00012863      0x15f cmake/stm32cubemx/CMakeFiles/STM32_Drivers.dir/__/__/Core/Src/system_stm32f4xx.c.obj
 .debug_macro   0x000129c2      0x287 cmake/stm32cubemx/CMakeFiles/STM32_Drivers.dir/__/__/Core/Src/system_stm32f4xx.c.obj
 .debug_macro   0x00012c49       0x5f cmake/stm32cubemx/CMakeFiles/STM32_Drivers.dir/__/__/Core/Src/system_stm32f4xx.c.obj
 .debug_macro   0x00012ca8      0x236 cmake/stm32cubemx/CMakeFiles/STM32_Drivers.dir/__/__/Core/Src/system_stm32f4xx.c.obj
 .debug_macro   0x00012ede      0x132 cmake/stm32cubemx/CMakeFiles/STM32_Drivers.dir/__/__/Core/Src/system_stm32f4xx.c.obj
 .debug_macro   0x00013010      0x264 cmake/stm32cubemx/CMakeFiles/STM32_Drivers.dir/__/__/Core/Src/system_stm32f4xx.c.obj
 .debug_macro   0x00013274       0x2e cmake/stm32cubemx/CMakeFiles/STM32_Drivers.dir/__/__/Core/Src/system_stm32f4xx.c.obj
 .debug_macro   0x000132a2      0x127 cmake/stm32cubemx/CMakeFiles/STM32_Drivers.dir/__/__/Core/Src/system_stm32f4xx.c.obj
 .debug_macro   0x000133c9       0x85 cmake/stm32cubemx/CMakeFiles/STM32_Drivers.dir/__/__/Core/Src/system_stm32f4xx.c.obj
 .debug_macro   0x0001344e       0x89 cmake/stm32cubemx/CMakeFiles/STM32_Drivers.dir/__/__/Core/Src/system_stm32f4xx.c.obj
 .debug_macro   0x000134d7      0x2aa cmake/stm32cubemx/CMakeFiles/STM32_Drivers.dir/__/__/Core/Src/system_stm32f4xx.c.obj
 .debug_macro   0x00013781      0x126 cmake/stm32cubemx/CMakeFiles/STM32_Drivers.dir/__/__/Core/Src/system_stm32f4xx.c.obj
 .debug_macro   0x000138a7      0x1bb cmake/stm32cubemx/CMakeFiles/STM32_Drivers.dir/__/__/Drivers/STM32F4xx_HAL_Driver/Src/stm32f4xx_hal_uart.c.obj
 .debug_macro   0x00013a62      0x1de cmake/stm32cubemx/CMakeFiles/STM32_Drivers.dir/__/__/Drivers/STM32F4xx_HAL_Driver/Src/stm32f4xx_hal_rcc.c.obj
 .debug_macro   0x00013c40      0x1c0 cmake/stm32cubemx/CMakeFiles/STM32_Drivers.dir/__/__/Drivers/STM32F4xx_HAL_Driver/Src/stm32f4xx_hal_gpio.c.obj
 .debug_macro   0x00013e00      0x1ba cmake/stm32cubemx/CMakeFiles/STM32_Drivers.dir/__/__/Drivers/STM32F4xx_HAL_Driver/Src/stm32f4xx_hal_cortex.c.obj
 .debug_macro   0x00013fba      0x21a cmake/stm32cubemx/CMakeFiles/STM32_Drivers.dir/__/__/Drivers/STM32F4xx_HAL_Driver/Src/stm32f4xx_hal.c.obj
 .debug_macro   0x000141d4      0x1c4 CMakeFiles/User_app.dir/Core/Src/main.c.obj
 .debug_macro   0x00014398      0x1ce CMakeFiles/User_app.dir/Core/Src/stm32f4xx_it.c.obj
 .debug_macro   0x00014566      0x1c4 CMakeFiles/User_app.dir/Core/Src/stm32f4xx_hal_msp.c.obj

.debug_line     0x00000000     0x6f8c
 .debug_line    0x00000000      0x6f1 cmake/stm32cubemx/CMakeFiles/STM32_Drivers.dir/__/__/Core/Src/system_stm32f4xx.c.obj
 .debug_line    0x000006f1     0x24af cmake/stm32cubemx/CMakeFiles/STM32_Drivers.dir/__/__/Drivers/STM32F4xx_HAL_Driver/Src/stm32f4xx_hal_uart.c.obj
 .debug_line    0x00002ba0      0xd74 cmake/stm32cubemx/CMakeFiles/STM32_Drivers.dir/__/__/Drivers/STM32F4xx_HAL_Driver/Src/stm32f4xx_hal_rcc.c.obj
 .debug_line    0x00003914      0xa83 cmake/stm32cubemx/CMakeFiles/STM32_Drivers.dir/__/__/Drivers/STM32F4xx_HAL_Driver/Src/stm32f4xx_hal_gpio.c.obj
 .debug_line    0x00004397      0xc37 cmake/stm32cubemx/CMakeFiles/STM32_Drivers.dir/__/__/Drivers/STM32F4xx_HAL_Driver/Src/stm32f4xx_hal_cortex.c.obj
 .debug_line    0x00004fce      0x967 cmake/stm32cubemx/CMakeFiles/STM32_Drivers.dir/__/__/Drivers/STM32F4xx_HAL_Driver/Src/stm32f4xx_hal.c.obj
 .debug_line    0x00005935      0x774 CMakeFiles/User_app.dir/Core/Src/main.c.obj
 .debug_line    0x000060a9      0x758 CMakeFiles/User_app.dir/Core/Src/stm32f4xx_it.c.obj
 .debug_line    0x00006801      0x6c2 CMakeFiles/User_app.dir/Core/Src/stm32f4xx_hal_msp.c.obj
 .debug_line    0x00006ec3       0x7a CMakeFiles/User_app.dir/startup_stm32f401xe.s.obj
 .debug_line    0x00006f3d       0x4f D:/DOWNLOADS/STM32_PACKAGES/CUBE_CLT/STM32CubeCLT_1.18.0/GNU-tools-for-STM32/bin/../lib/gcc/arm-none-eabi/13.3.1/../../../../arm-none-eabi/lib/thumb/v7e-m+fp/hard\libg_nano.a(libc_a-strlen.o)

.debug_str      0x00000000    0x8147b
 .debug_str     0x00000000    0x8147b cmake/stm32cubemx/CMakeFiles/STM32_Drivers.dir/__/__/Core/Src/system_stm32f4xx.c.obj
                              0x7f60e (size before relaxing)
 .debug_str     0x0008147b    0x7ffbd cmake/stm32cubemx/CMakeFiles/STM32_Drivers.dir/__/__/Drivers/STM32F4xx_HAL_Driver/Src/stm32f4xx_hal_uart.c.obj
 .debug_str     0x0008147b    0x7f9ee cmake/stm32cubemx/CMakeFiles/STM32_Drivers.dir/__/__/Drivers/STM32F4xx_HAL_Driver/Src/stm32f4xx_hal_rcc.c.obj
 .debug_str     0x0008147b    0x7f735 cmake/stm32cubemx/CMakeFiles/STM32_Drivers.dir/__/__/Drivers/STM32F4xx_HAL_Driver/Src/stm32f4xx_hal_gpio.c.obj
 .debug_str     0x0008147b    0x7fd46 cmake/stm32cubemx/CMakeFiles/STM32_Drivers.dir/__/__/Drivers/STM32F4xx_HAL_Driver/Src/stm32f4xx_hal_cortex.c.obj
 .debug_str     0x0008147b    0x7ffdc cmake/stm32cubemx/CMakeFiles/STM32_Drivers.dir/__/__/Drivers/STM32F4xx_HAL_Driver/Src/stm32f4xx_hal.c.obj
 .debug_str     0x0008147b    0x7ffde CMakeFiles/User_app.dir/Core/Src/main.c.obj
 .debug_str     0x0008147b    0x7f9cc CMakeFiles/User_app.dir/Core/Src/stm32f4xx_it.c.obj
 .debug_str     0x0008147b    0x7fa29 CMakeFiles/User_app.dir/Core/Src/stm32f4xx_hal_msp.c.obj
 .debug_str     0x0008147b       0x6c CMakeFiles/User_app.dir/startup_stm32f401xe.s.obj
 .debug_str     0x0008147b       0xf3 D:/DOWNLOADS/STM32_PACKAGES/CUBE_CLT/STM32CubeCLT_1.18.0/GNU-tools-for-STM32/bin/../lib/gcc/arm-none-eabi/13.3.1/../../../../arm-none-eabi/lib/thumb/v7e-m+fp/hard\libg_nano.a(libc_a-strlen.o)

.debug_line_str
                0x00000000      0x12e
 .debug_line_str
                0x00000000      0x12e CMakeFiles/User_app.dir/startup_stm32f401xe.s.obj
                                 0x50 (size before relaxing)
 .debug_line_str
                0x0000012e       0xde D:/DOWNLOADS/STM32_PACKAGES/CUBE_CLT/STM32CubeCLT_1.18.0/GNU-tools-for-STM32/bin/../lib/gcc/arm-none-eabi/13.3.1/../../../../arm-none-eabi/lib/thumb/v7e-m+fp/hard\libg_nano.a(libc_a-strlen.o)
